#
# There is insufficient memory for the Java Runtime Environment to continue.
# Native memory allocation (mmap) failed to map 25165824 bytes for G1 virtual space
# Possible reasons:
#   The system is out of physical RAM or swap space
#   The process is running with CompressedOops enabled, and the Java Heap may be blocking the growth of the native heap
# Possible solutions:
#   Reduce memory load on the system
#   Increase physical memory or swap space
#   Check if swap backing store is full
#   Decrease Java heap size (-Xmx/-Xms)
#   Decrease number of Java threads
#   Decrease Java thread stack sizes (-Xss)
#   Set larger code cache with -XX:ReservedCodeCacheSize=
#   JVM is running with Zero Based Compressed Oops mode in which the Java heap is
#     placed in the first 32GB address space. The Java Heap base address is the
#     maximum limit for the native heap growth. Please use -XX:HeapBaseMinAddress
#     to set the Java Heap base and to place the Java Heap above 32GB virtual address.
# This output file may be truncated or incomplete.
#
#  Out of Memory Error (os_windows.cpp:3603), pid=561936, tid=510264
#
# JRE version: Java(TM) SE Runtime Environment (21.0.6+8) (build 21.0.6+8-LTS-188)
# Java VM: Java HotSpot(TM) 64-Bit Server VM (21.0.6+8-LTS-188, mixed mode, emulated-client, sharing, tiered, compressed oops, compressed class ptrs, g1 gc, windows-amd64)
# No core dump will be written. Minidumps are not enabled by default on client versions of Windows
#

---------------  S U M M A R Y ------------

Command Line: -XX:TieredStopAtLevel=1 -Dspring.output.ansi.enabled=always -Dcom.sun.management.jmxremote -Dspring.jmx.enabled=true -Dspring.liveBeansView.mbeanDomain -Dspring.application.admin.enabled=true -Dmanagement.endpoints.jmx.exposure.include=* -javaagent:C:\Program Files\JetBrains\IntelliJ IDEA 2025.2.1\lib\idea_rt.jar=59911 -Dfile.encoding=UTF-8 -Dsun.stdout.encoding=UTF-8 -Dsun.stderr.encoding=UTF-8 com.example.photoGroupe.PhotoGroupeApplication

Host: AMD Ryzen 5 7535HS with Radeon Graphics        , 12 cores, 15G,  Windows 11 , 64 bit Build 26100 (10.0.26100.8521)
Time: Sat Jun  6 12:23:47 2026 Nepal Standard Time elapsed time: 9.174204 seconds (0d 0h 0m 9s)

---------------  T H R E A D  ---------------

Current thread (0x00000210198a0f50):  VMThread "VM Thread"          [id=510264, stack(0x00000033f5500000,0x00000033f5600000) (1024K)]

Stack: [0x00000033f5500000,0x00000033f5600000]
Native frames: (J=compiled Java code, j=interpreted, Vv=VM code, C=native code)
V  [jvm.dll+0x6ca6d9]
V  [jvm.dll+0x854f51]
V  [jvm.dll+0x85747e]
V  [jvm.dll+0x857b53]
V  [jvm.dll+0x27dcc6]
V  [jvm.dll+0x6c6e55]
V  [jvm.dll+0x6bb9da]
V  [jvm.dll+0x35393a]
V  [jvm.dll+0x35b596]
V  [jvm.dll+0x3adefe]
V  [jvm.dll+0x3ae1a8]
V  [jvm.dll+0x327cbc]
V  [jvm.dll+0x327d47]
V  [jvm.dll+0x36c60c]
V  [jvm.dll+0x36ae5e]
V  [jvm.dll+0x327481]
V  [jvm.dll+0x36a57a]
V  [jvm.dll+0x85d920]
V  [jvm.dll+0x85eca4]
V  [jvm.dll+0x85f1e0]
V  [jvm.dll+0x85f483]
V  [jvm.dll+0x7ff2fb]
V  [jvm.dll+0x6c8dbd]
C  [ucrtbase.dll+0x2cd30]
C  [KERNEL32.DLL+0x2e957]
C  [ntdll.dll+0x87c1c]

VM_Operation (0x00000033f70f5900): G1CollectForAllocation, mode: safepoint, requested by thread 0x000002105fde0650


---------------  P R O C E S S  ---------------

Threads class SMR info:
_java_thread_list=0x0000021062870280, length=25, elements={
0x00000210045b4ce0, 0x00000210198bc3b0, 0x00000210198bd970, 0x00000210198c4d60,
0x00000210198c5c40, 0x00000210198c7200, 0x00000210198cc950, 0x00000210198ca180,
0x0000021019af87c0, 0x0000021019890680, 0x000002105f31d090, 0x000002105f323b20,
0x000002105f484b60, 0x000002105f581200, 0x000002105f648cd0, 0x000002105f654b00,
0x000002105fbf0d70, 0x000002105fdd97d0, 0x000002105fde0650, 0x000002105fe4cac0,
0x000002105fe4bda0, 0x0000021061fbf030, 0x0000021061fbf6c0, 0x0000021061fbfd50,
0x0000021061fc3860
}

Java Threads: ( => current thread )
  0x00000210045b4ce0 JavaThread "main"                              [_thread_blocked, id=560600, stack(0x00000033f4e00000,0x00000033f4f00000) (1024K)]
  0x00000210198bc3b0 JavaThread "Reference Handler"          daemon [_thread_blocked, id=559472, stack(0x00000033f5600000,0x00000033f5700000) (1024K)]
  0x00000210198bd970 JavaThread "Finalizer"                  daemon [_thread_blocked, id=547704, stack(0x00000033f5700000,0x00000033f5800000) (1024K)]
  0x00000210198c4d60 JavaThread "Signal Dispatcher"          daemon [_thread_blocked, id=501252, stack(0x00000033f5800000,0x00000033f5900000) (1024K)]
  0x00000210198c5c40 JavaThread "Attach Listener"            daemon [_thread_blocked, id=560112, stack(0x00000033f5900000,0x00000033f5a00000) (1024K)]
  0x00000210198c7200 JavaThread "Service Thread"             daemon [_thread_blocked, id=558812, stack(0x00000033f5a00000,0x00000033f5b00000) (1024K)]
  0x00000210198cc950 JavaThread "Monitor Deflation Thread"   daemon [_thread_blocked, id=561892, stack(0x00000033f5b00000,0x00000033f5c00000) (1024K)]
  0x00000210198ca180 JavaThread "C1 CompilerThread0"         daemon [_thread_blocked, id=561944, stack(0x00000033f5c00000,0x00000033f5d00000) (1024K)]
  0x0000021019af87c0 JavaThread "Common-Cleaner"             daemon [_thread_blocked, id=561940, stack(0x00000033f5d00000,0x00000033f5e00000) (1024K)]
  0x0000021019890680 JavaThread "C1 CompilerThread1"         daemon [_thread_blocked, id=561884, stack(0x00000033f5e00000,0x00000033f5f00000) (1024K)]
  0x000002105f31d090 JavaThread "Monitor Ctrl-Break"         daemon [_thread_in_native, id=558620, stack(0x00000033f5f00000,0x00000033f6000000) (1024K)]
  0x000002105f323b20 JavaThread "Notification Thread"        daemon [_thread_blocked, id=528100, stack(0x00000033f6000000,0x00000033f6100000) (1024K)]
  0x000002105f484b60 JavaThread "RMI TCP Accept-0"           daemon [_thread_blocked, id=553468, stack(0x00000033f6100000,0x00000033f6200000) (1024K)]
  0x000002105f581200 JavaThread "RMI TCP Connection(1)-192.168.1.68" daemon [_thread_blocked, id=559864, stack(0x00000033f6b00000,0x00000033f6c00000) (1024K)]
  0x000002105f648cd0 JavaThread "RMI Scheduler(0)"           daemon [_thread_blocked, id=511524, stack(0x00000033f6c00000,0x00000033f6d00000) (1024K)]
  0x000002105f654b00 JavaThread "JMX server connection timeout 35" daemon [_thread_blocked, id=558296, stack(0x00000033f6d00000,0x00000033f6e00000) (1024K)]
  0x000002105fbf0d70 JavaThread "RMI TCP Connection(2)-192.168.1.68" daemon [_thread_blocked, id=558304, stack(0x00000033f6f00000,0x00000033f7000000) (1024K)]
  0x000002105fdd97d0 JavaThread "Thread-0"                          [_thread_blocked, id=539612, stack(0x00000033f6e00000,0x00000033f6f00000) (1024K)]
  0x000002105fde0650 JavaThread "restartedMain"                     [_thread_blocked, id=556872, stack(0x00000033f7000000,0x00000033f7100000) (1024K)]
  0x000002105fe4cac0 JavaThread "mysql-cj-abandoned-connection-cleanup" daemon [_thread_blocked, id=559020, stack(0x00000033f7100000,0x00000033f7200000) (1024K)]
  0x000002105fe4bda0 JavaThread "HikariPool-1:housekeeper"   daemon [_thread_blocked, id=552232, stack(0x00000033f7500000,0x00000033f7600000) (1024K)]
  0x0000021061fbf030 JavaThread "HikariPool-1:connection-adder" daemon [_thread_blocked, id=561108, stack(0x00000033f7600000,0x00000033f7700000) (1024K)]
  0x0000021061fbf6c0 JavaThread "Catalina-utility-1"                [_thread_blocked, id=560572, stack(0x00000033f7700000,0x00000033f7800000) (1024K)]
  0x0000021061fbfd50 JavaThread "Catalina-utility-2"                [_thread_blocked, id=554628, stack(0x00000033f7800000,0x00000033f7900000) (1024K)]
  0x0000021061fc3860 JavaThread "container-0"                       [_thread_blocked, id=452036, stack(0x00000033f7900000,0x00000033f7a00000) (1024K)]
Total: 25

Other Threads:
=>0x00000210198a0f50 VMThread "VM Thread"                           [id=510264, stack(0x00000033f5500000,0x00000033f5600000) (1024K)]
  0x000002101988f9f0 WatcherThread "VM Periodic Task Thread"        [id=546748, stack(0x00000033f5400000,0x00000033f5500000) (1024K)]
  0x0000021006873660 WorkerThread "GC Thread#0"                     [id=554716, stack(0x00000033f4f00000,0x00000033f5000000) (1024K)]
  0x000002105f588d50 WorkerThread "GC Thread#1"                     [id=551540, stack(0x00000033f6200000,0x00000033f6300000) (1024K)]
  0x000002105f5890f0 WorkerThread "GC Thread#2"                     [id=559440, stack(0x00000033f6300000,0x00000033f6400000) (1024K)]
  0x000002105f5914a0 WorkerThread "GC Thread#3"                     [id=560960, stack(0x00000033f6400000,0x00000033f6500000) (1024K)]
  0x000002105f59d870 WorkerThread "GC Thread#4"                     [id=556656, stack(0x00000033f6500000,0x00000033f6600000) (1024K)]
  0x000002105f5e20e0 WorkerThread "GC Thread#5"                     [id=543004, stack(0x00000033f6600000,0x00000033f6700000) (1024K)]
  0x000002105f5e2480 WorkerThread "GC Thread#6"                     [id=553184, stack(0x00000033f6700000,0x00000033f6800000) (1024K)]
  0x000002105f5e6e40 WorkerThread "GC Thread#7"                     [id=556436, stack(0x00000033f6800000,0x00000033f6900000) (1024K)]
  0x000002105f5e9a10 WorkerThread "GC Thread#8"                     [id=559608, stack(0x00000033f6900000,0x00000033f6a00000) (1024K)]
  0x000002105f5e9db0 WorkerThread "GC Thread#9"                     [id=557580, stack(0x00000033f6a00000,0x00000033f6b00000) (1024K)]
  0x0000021006883c60 ConcurrentGCThread "G1 Main Marker"            [id=557668, stack(0x00000033f5000000,0x00000033f5100000) (1024K)]
  0x0000021006885f90 WorkerThread "G1 Conc#0"                       [id=557136, stack(0x00000033f5100000,0x00000033f5200000) (1024K)]
  0x000002105ff3fda0 WorkerThread "G1 Conc#1"                       [id=561960, stack(0x00000033f7200000,0x00000033f7300000) (1024K)]
  0x000002105ff41360 WorkerThread "G1 Conc#2"                       [id=559580, stack(0x00000033f7300000,0x00000033f7400000) (1024K)]
  0x0000021019763190 ConcurrentGCThread "G1 Refine#0"               [id=556260, stack(0x00000033f5200000,0x00000033f5300000) (1024K)]
  0x00000210197639b0 ConcurrentGCThread "G1 Service"                [id=549796, stack(0x00000033f5300000,0x00000033f5400000) (1024K)]
Total: 18

Threads with active compile tasks:
Total: 0

VM state: at safepoint (normal execution)

VM Mutex/Monitor currently owned by a thread:  ([mutex/lock_event])
[0x00007ff8d867de98] Threads_lock - owner thread: 0x00000210198a0f50
[0x00007ff8d867df98] Heap_lock - owner thread: 0x000002105fde0650

Heap address: 0x000000070b000000, size: 3920 MB, Compressed Oops mode: Zero based, Oop shift amount: 3

CDS archive(s) mapped at: [0x000002101a000000-0x000002101ac90000-0x000002101ac90000), size 13172736, SharedBaseAddress: 0x000002101a000000, ArchiveRelocationMode: 1.
Compressed class space mapped at: 0x000002101b000000-0x000002105b000000, reserved size: 1073741824
Narrow klass base: 0x000002101a000000, Narrow klass shift: 0, Narrow klass range: 0x100000000

GC Precious Log:
 CardTable entry size: 512
 Card Set container configuration: InlinePtr #cards 4 size 8 Array Of Cards #cards 16 size 48 Howl #buckets 8 coarsen threshold 3686 Howl Bitmap #cards 512 size 80 coarsen threshold 460 Card regions per heap region 1 cards per card region 4096
 CPUs: 12 total, 12 available
 Memory: 15676M
 Large Page Support: Disabled
 NUMA Support: Disabled
 Compressed Oops: Enabled (Zero based)
 Heap Region Size: 2M
 Heap Min Capacity: 8M
 Heap Initial Capacity: 246M
 Heap Max Capacity: 3920M
 Pre-touch: Disabled
 Parallel Workers: 10
 Concurrent Workers: 3
 Concurrent Refinement Workers: 10
 Periodic GC: Disabled

Heap:
 garbage-first heap   total 116736K, used 54600K [0x000000070b000000, 0x0000000800000000)
  region size 2048K, 4 young (8192K), 4 survivors (8192K)
 Metaspace       used 84251K, committed 84992K, reserved 1179648K
  class space    used 12150K, committed 12480K, reserved 1048576K

Heap Regions: E=young(eden), S=young(survivor), O=old, HS=humongous(starts), HC=humongous(continues), CS=collection set, F=free, TAMS=top-at-mark-start, PB=parsable bottom
|   0|0x000000070b000000, 0x000000070b200000, 0x000000070b200000|100%| O|  |TAMS 0x000000070b000000| PB 0x000000070b000000| Untracked 
|   1|0x000000070b200000, 0x000000070b400000, 0x000000070b400000|100%| O|  |TAMS 0x000000070b200000| PB 0x000000070b200000| Untracked 
|   2|0x000000070b400000, 0x000000070b600000, 0x000000070b600000|100%| O|  |TAMS 0x000000070b400000| PB 0x000000070b400000| Untracked 
|   3|0x000000070b600000, 0x000000070b800000, 0x000000070b800000|100%| O|  |TAMS 0x000000070b600000| PB 0x000000070b600000| Untracked 
|   4|0x000000070b800000, 0x000000070ba00000, 0x000000070ba00000|100%| O|  |TAMS 0x000000070b800000| PB 0x000000070b800000| Untracked 
|   5|0x000000070ba00000, 0x000000070bc00000, 0x000000070bc00000|100%| O|  |TAMS 0x000000070ba00000| PB 0x000000070ba00000| Untracked 
|   6|0x000000070bc00000, 0x000000070be00000, 0x000000070be00000|100%| O|  |TAMS 0x000000070bc00000| PB 0x000000070bc00000| Untracked 
|   7|0x000000070be00000, 0x000000070c000000, 0x000000070c000000|100%| O|  |TAMS 0x000000070be00000| PB 0x000000070be00000| Untracked 
|   8|0x000000070c000000, 0x000000070c200000, 0x000000070c200000|100%| O|  |TAMS 0x000000070c000000| PB 0x000000070c000000| Untracked 
|   9|0x000000070c200000, 0x000000070c400000, 0x000000070c400000|100%| O|  |TAMS 0x000000070c200000| PB 0x000000070c200000| Untracked 
|  10|0x000000070c400000, 0x000000070c600000, 0x000000070c600000|100%| O|  |TAMS 0x000000070c400000| PB 0x000000070c400000| Untracked 
|  11|0x000000070c600000, 0x000000070c800000, 0x000000070c800000|100%| O|  |TAMS 0x000000070c600000| PB 0x000000070c600000| Untracked 
|  12|0x000000070c800000, 0x000000070ca00000, 0x000000070ca00000|100%| O|  |TAMS 0x000000070c800000| PB 0x000000070c800000| Untracked 
|  13|0x000000070ca00000, 0x000000070cc00000, 0x000000070cc00000|100%| O|  |TAMS 0x000000070ca00000| PB 0x000000070ca00000| Untracked 
|  14|0x000000070cc00000, 0x000000070ce00000, 0x000000070ce00000|100%| O|  |TAMS 0x000000070cc00000| PB 0x000000070cc00000| Untracked 
|  15|0x000000070ce00000, 0x000000070d000000, 0x000000070d000000|100%| O|  |TAMS 0x000000070ce00000| PB 0x000000070ce00000| Untracked 
|  16|0x000000070d000000, 0x000000070d000000, 0x000000070d200000|  0%| F|  |TAMS 0x000000070d000000| PB 0x000000070d000000| Untracked 
|  17|0x000000070d200000, 0x000000070d400000, 0x000000070d400000|100%| O|  |TAMS 0x000000070d200000| PB 0x000000070d200000| Untracked 
|  18|0x000000070d400000, 0x000000070d600000, 0x000000070d600000|100%| O|  |TAMS 0x000000070d400000| PB 0x000000070d400000| Untracked 
|  19|0x000000070d600000, 0x000000070d800000, 0x000000070d800000|100%| O|  |TAMS 0x000000070d600000| PB 0x000000070d600000| Untracked 
|  20|0x000000070d800000, 0x000000070da00000, 0x000000070da00000|100%| O|  |TAMS 0x000000070d800000| PB 0x000000070d800000| Untracked 
|  21|0x000000070da00000, 0x000000070dc00000, 0x000000070dc00000|100%| O|  |TAMS 0x000000070da00000| PB 0x000000070da00000| Untracked 
|  22|0x000000070dc00000, 0x000000070dc00000, 0x000000070de00000|  0%| F|  |TAMS 0x000000070dc00000| PB 0x000000070dc00000| Untracked 
|  23|0x000000070de00000, 0x000000070de00000, 0x000000070e000000|  0%| F|  |TAMS 0x000000070de00000| PB 0x000000070de00000| Untracked 
|  24|0x000000070e000000, 0x000000070e200000, 0x000000070e200000|100%| O|  |TAMS 0x000000070e000000| PB 0x000000070e000000| Untracked 
|  25|0x000000070e200000, 0x000000070e200000, 0x000000070e400000|  0%| F|  |TAMS 0x000000070e200000| PB 0x000000070e200000| Untracked 
|  26|0x000000070e400000, 0x000000070e400000, 0x000000070e600000|  0%| F|  |TAMS 0x000000070e400000| PB 0x000000070e400000| Untracked 
|  27|0x000000070e600000, 0x000000070e7a9210, 0x000000070e800000| 83%| O|  |TAMS 0x000000070e600000| PB 0x000000070e600000| Untracked 
|  28|0x000000070e800000, 0x000000070e9a8e30, 0x000000070ea00000| 82%| S|CS|TAMS 0x000000070e800000| PB 0x000000070e800000| Complete 
|  29|0x000000070ea00000, 0x000000070ec00000, 0x000000070ec00000|100%| S|CS|TAMS 0x000000070ea00000| PB 0x000000070ea00000| Complete 
|  30|0x000000070ec00000, 0x000000070ee00000, 0x000000070ee00000|100%| S|CS|TAMS 0x000000070ec00000| PB 0x000000070ec00000| Complete 
|  31|0x000000070ee00000, 0x000000070f000000, 0x000000070f000000|100%| S|CS|TAMS 0x000000070ee00000| PB 0x000000070ee00000| Complete 
|  32|0x000000070f000000, 0x000000070f000000, 0x000000070f200000|  0%| F|  |TAMS 0x000000070f000000| PB 0x000000070f000000| Untracked 
|  33|0x000000070f200000, 0x000000070f200000, 0x000000070f400000|  0%| F|  |TAMS 0x000000070f200000| PB 0x000000070f200000| Untracked 
|  34|0x000000070f400000, 0x000000070f400000, 0x000000070f600000|  0%| F|  |TAMS 0x000000070f400000| PB 0x000000070f400000| Untracked 
|  35|0x000000070f600000, 0x000000070f600000, 0x000000070f800000|  0%| F|  |TAMS 0x000000070f600000| PB 0x000000070f600000| Untracked 
|  36|0x000000070f800000, 0x000000070f800000, 0x000000070fa00000|  0%| F|  |TAMS 0x000000070f800000| PB 0x000000070f800000| Untracked 
|  37|0x000000070fa00000, 0x000000070fa00000, 0x000000070fc00000|  0%| F|  |TAMS 0x000000070fa00000| PB 0x000000070fa00000| Untracked 
|  38|0x000000070fc00000, 0x000000070fc00000, 0x000000070fe00000|  0%| F|  |TAMS 0x000000070fc00000| PB 0x000000070fc00000| Untracked 
|  39|0x000000070fe00000, 0x000000070fe00000, 0x0000000710000000|  0%| F|  |TAMS 0x000000070fe00000| PB 0x000000070fe00000| Untracked 
|  40|0x0000000710000000, 0x0000000710000000, 0x0000000710200000|  0%| F|  |TAMS 0x0000000710000000| PB 0x0000000710000000| Untracked 
|  41|0x0000000710200000, 0x0000000710200000, 0x0000000710400000|  0%| F|  |TAMS 0x0000000710200000| PB 0x0000000710200000| Untracked 
|  42|0x0000000710400000, 0x0000000710400000, 0x0000000710600000|  0%| F|  |TAMS 0x0000000710400000| PB 0x0000000710400000| Untracked 
|  43|0x0000000710600000, 0x0000000710600000, 0x0000000710800000|  0%| F|  |TAMS 0x0000000710600000| PB 0x0000000710600000| Untracked 
|  44|0x0000000710800000, 0x0000000710800000, 0x0000000710a00000|  0%| F|  |TAMS 0x0000000710800000| PB 0x0000000710800000| Untracked 
|  45|0x0000000710a00000, 0x0000000710a00000, 0x0000000710c00000|  0%| F|  |TAMS 0x0000000710a00000| PB 0x0000000710a00000| Untracked 
|  46|0x0000000710c00000, 0x0000000710c00000, 0x0000000710e00000|  0%| F|  |TAMS 0x0000000710c00000| PB 0x0000000710c00000| Untracked 
|  47|0x0000000710e00000, 0x0000000710e00000, 0x0000000711000000|  0%| F|  |TAMS 0x0000000710e00000| PB 0x0000000710e00000| Untracked 
|  48|0x0000000711000000, 0x0000000711000000, 0x0000000711200000|  0%| F|  |TAMS 0x0000000711000000| PB 0x0000000711000000| Untracked 
|  49|0x0000000711200000, 0x0000000711200000, 0x0000000711400000|  0%| F|  |TAMS 0x0000000711200000| PB 0x0000000711200000| Untracked 
|  50|0x0000000711400000, 0x0000000711400000, 0x0000000711600000|  0%| F|  |TAMS 0x0000000711400000| PB 0x0000000711400000| Untracked 
|  51|0x0000000711600000, 0x0000000711600000, 0x0000000711800000|  0%| F|  |TAMS 0x0000000711600000| PB 0x0000000711600000| Untracked 
|  52|0x0000000711800000, 0x0000000711800000, 0x0000000711a00000|  0%| F|  |TAMS 0x0000000711800000| PB 0x0000000711800000| Untracked 
|  72|0x0000000714000000, 0x0000000714000000, 0x0000000714200000|  0%| F|  |TAMS 0x0000000714000000| PB 0x0000000714000000| Untracked 
|  96|0x0000000717000000, 0x0000000717000000, 0x0000000717200000|  0%| F|  |TAMS 0x0000000717000000| PB 0x0000000717000000| Untracked 
|  97|0x0000000717200000, 0x0000000717200000, 0x0000000717400000|  0%| F|  |TAMS 0x0000000717200000| PB 0x0000000717200000| Untracked 
| 122|0x000000071a400000, 0x000000071a400000, 0x000000071a600000|  0%| F|  |TAMS 0x000000071a400000| PB 0x000000071a400000| Untracked 

Card table byte_map: [0x0000021012760000,0x0000021012f10000] _byte_map_base: 0x000002100ef08000

Marking Bits: (CMBitMap*) 0x0000021006873b70
 Bits: [0x0000021012f10000, 0x0000021016c50000)

Polling page: 0x0000021004720000

Metaspace:

Usage:
  Non-class:     70.41 MB used.
      Class:     11.87 MB used.
       Both:     82.28 MB used.

Virtual space:
  Non-class space:      128.00 MB reserved,      70.81 MB ( 55%) committed,  2 nodes.
      Class space:        1.00 GB reserved,      12.19 MB (  1%) committed,  1 nodes.
             Both:        1.12 GB reserved,      83.00 MB (  7%) committed. 

Chunk freelists:
   Non-Class:  9.12 MB
       Class:  3.83 MB
        Both:  12.96 MB

MaxMetaspaceSize: unlimited
CompressedClassSpaceSize: 1.00 GB
Initial GC threshold: 21.00 MB
Current GC threshold: 137.00 MB
CDS: on
 - commit_granule_bytes: 65536.
 - commit_granule_words: 8192.
 - virtual_space_node_default_size: 8388608.
 - enlarge_chunks_in_place: 1.
 - use_allocation_guard: 0.


Internal statistics:

num_allocs_failed_limit: 12.
num_arena_births: 1122.
num_arena_deaths: 8.
num_vsnodes_births: 3.
num_vsnodes_deaths: 0.
num_space_committed: 1328.
num_space_uncommitted: 0.
num_chunks_returned_to_freelist: 23.
num_chunks_taken_from_freelist: 3961.
num_chunk_merges: 13.
num_chunk_splits: 2988.
num_chunks_enlarged: 2426.
num_inconsistent_stats: 0.

CodeCache: size=49152Kb used=15142Kb max_used=15142Kb free=34009Kb
 bounds [0x000002100ec80000, 0x000002100fb50000, 0x0000021011c80000]
 total_blobs=9220 nmethods=8476 adapters=666
 compilation: enabled
              stopped_count=0, restarted_count=0
 full_count=0

Compilation events (20 events):
Event: 8.102 Thread 0x00000210198ca180 nmethod 8547 0x000002100fb45390 code [0x000002100fb45620, 0x000002100fb46478]
Event: 8.102 Thread 0x0000021019890680 nmethod 8554 0x000002100fb46a10 code [0x000002100fb46c20, 0x000002100fb47070]
Event: 8.102 Thread 0x00000210198ca180 8555       1       java.util.Optional::ifPresent (18 bytes)
Event: 8.102 Thread 0x0000021019890680 8556       1       org.springframework.data.mapping.model.AbstractPersistentProperty::getRawType (5 bytes)
Event: 8.102 Thread 0x00000210198ca180 nmethod 8555 0x000002100fb47290 code [0x000002100fb47440, 0x000002100fb47548]
Event: 8.102 Thread 0x0000021019890680 nmethod 8556 0x000002100fb47610 code [0x000002100fb477a0, 0x000002100fb47870]
Event: 8.104 Thread 0x0000021019890680 8557       1       org.springframework.data.repository.util.QueryExecutionConverters$WrapperType::getType (5 bytes)
Event: 8.104 Thread 0x0000021019890680 nmethod 8557 0x000002100fb47910 code [0x000002100fb47aa0, 0x000002100fb47b70]
Event: 8.105 Thread 0x0000021019890680 8558       1       org.springframework.data.core.NullableWrapperConverters::supports (27 bytes)
Event: 8.105 Thread 0x0000021019890680 nmethod 8558 0x000002100fb47c10 code [0x000002100fb47dc0, 0x000002100fb47f98]
Event: 8.105 Thread 0x0000021019890680 8559       1       java.util.regex.Pattern$CharProperty::match (71 bytes)
Event: 8.106 Thread 0x0000021019890680 nmethod 8559 0x000002100fb48090 code [0x000002100fb48260, 0x000002100fb48480]
Event: 8.106 Thread 0x0000021019890680 8560       1       java.util.regex.Pattern$$Lambda/0x000002101b73a740::is (13 bytes)
Event: 8.106 Thread 0x00000210198ca180 8561       1       java.util.regex.Pattern::lambda$and$2 (26 bytes)
Event: 8.106 Thread 0x0000021019890680 nmethod 8560 0x000002100fb48590 code [0x000002100fb48740, 0x000002100fb488b0]
Event: 8.106 Thread 0x00000210198ca180 nmethod 8561 0x000002100fb48990 code [0x000002100fb48b40, 0x000002100fb48c78]
Event: 8.106 Thread 0x00000210198ca180 8562       1       java.util.ArrayList::equals (62 bytes)
Event: 8.107 Thread 0x00000210198ca180 nmethod 8562 0x000002100fb48d10 code [0x000002100fb48f00, 0x000002100fb49278]
Event: 8.109 Thread 0x00000210198ca180 8563       1       org.antlr.v4.runtime.misc.FlexibleHashMap::<init> (60 bytes)
Event: 8.109 Thread 0x00000210198ca180 nmethod 8563 0x000002100fb49410 code [0x000002100fb49600, 0x000002100fb498c8]

GC Heap History (20 events):
Event: 3.592 GC heap after
{Heap after GC invocations=8 (full 0):
 garbage-first heap   total 61440K, used 23170K [0x000000070b000000, 0x0000000800000000)
  region size 2048K, 2 young (4096K), 2 survivors (4096K)
 Metaspace       used 32698K, committed 33280K, reserved 1114112K
  class space    used 4480K, committed 4736K, reserved 1048576K
}
Event: 3.855 GC heap before
{Heap before GC invocations=8 (full 0):
 garbage-first heap   total 61440K, used 45698K [0x000000070b000000, 0x0000000800000000)
  region size 2048K, 14 young (28672K), 2 survivors (4096K)
 Metaspace       used 35340K, committed 35968K, reserved 1114112K
  class space    used 4845K, committed 5120K, reserved 1048576K
}
Event: 3.858 GC heap after
{Heap after GC invocations=9 (full 0):
 garbage-first heap   total 61440K, used 25049K [0x000000070b000000, 0x0000000800000000)
  region size 2048K, 1 young (2048K), 1 survivors (2048K)
 Metaspace       used 35340K, committed 35968K, reserved 1114112K
  class space    used 4845K, committed 5120K, reserved 1048576K
}
Event: 4.228 GC heap before
{Heap before GC invocations=10 (full 0):
 garbage-first heap   total 61440K, used 47577K [0x000000070b000000, 0x0000000800000000)
  region size 2048K, 13 young (26624K), 1 survivors (2048K)
 Metaspace       used 40586K, committed 41280K, reserved 1114112K
  class space    used 5645K, committed 5952K, reserved 1048576K
}
Event: 4.230 GC heap after
{Heap after GC invocations=11 (full 0):
 garbage-first heap   total 157696K, used 26510K [0x000000070b000000, 0x0000000800000000)
  region size 2048K, 2 young (4096K), 2 survivors (4096K)
 Metaspace       used 40586K, committed 41280K, reserved 1114112K
  class space    used 5645K, committed 5952K, reserved 1048576K
}
Event: 5.455 GC heap before
{Heap before GC invocations=11 (full 0):
 garbage-first heap   total 157696K, used 92046K [0x000000070b000000, 0x0000000800000000)
  region size 2048K, 36 young (73728K), 2 survivors (4096K)
 Metaspace       used 59537K, committed 60160K, reserved 1114112K
  class space    used 8097K, committed 8384K, reserved 1048576K
}
Event: 5.461 GC heap after
{Heap after GC invocations=12 (full 0):
 garbage-first heap   total 157696K, used 32018K [0x000000070b000000, 0x0000000800000000)
  region size 2048K, 5 young (10240K), 5 survivors (10240K)
 Metaspace       used 59537K, committed 60160K, reserved 1114112K
  class space    used 8097K, committed 8384K, reserved 1048576K
}
Event: 5.477 GC heap before
{Heap before GC invocations=12 (full 0):
 garbage-first heap   total 157696K, used 34066K [0x000000070b000000, 0x0000000800000000)
  region size 2048K, 7 young (14336K), 5 survivors (10240K)
 Metaspace       used 59843K, committed 60480K, reserved 1114112K
  class space    used 8138K, committed 8448K, reserved 1048576K
}
Event: 5.480 GC heap after
{Heap after GC invocations=13 (full 0):
 garbage-first heap   total 157696K, used 32317K [0x000000070b000000, 0x0000000800000000)
  region size 2048K, 3 young (6144K), 3 survivors (6144K)
 Metaspace       used 59843K, committed 60480K, reserved 1114112K
  class space    used 8138K, committed 8448K, reserved 1048576K
}
Event: 6.240 GC heap before
{Heap before GC invocations=14 (full 0):
 garbage-first heap   total 116736K, used 95805K [0x000000070b000000, 0x0000000800000000)
  region size 2048K, 34 young (69632K), 3 survivors (6144K)
 Metaspace       used 69140K, committed 69824K, reserved 1114112K
  class space    used 9604K, committed 9920K, reserved 1048576K
}
Event: 6.243 GC heap after
{Heap after GC invocations=15 (full 0):
 garbage-first heap   total 116736K, used 34349K [0x000000070b000000, 0x0000000800000000)
  region size 2048K, 2 young (4096K), 2 survivors (4096K)
 Metaspace       used 69140K, committed 69824K, reserved 1114112K
  class space    used 9604K, committed 9920K, reserved 1048576K
}
Event: 7.243 GC heap before
{Heap before GC invocations=15 (full 0):
 garbage-first heap   total 116736K, used 99885K [0x000000070b000000, 0x0000000800000000)
  region size 2048K, 34 young (69632K), 2 survivors (4096K)
 Metaspace       used 78797K, committed 79552K, reserved 1179648K
  class space    used 11126K, committed 11456K, reserved 1048576K
}
Event: 7.247 GC heap after
{Heap after GC invocations=16 (full 0):
 garbage-first heap   total 116736K, used 39244K [0x000000070b000000, 0x0000000800000000)
  region size 2048K, 4 young (8192K), 4 survivors (8192K)
 Metaspace       used 78797K, committed 79552K, reserved 1179648K
  class space    used 11126K, committed 11456K, reserved 1048576K
}
Event: 7.598 GC heap before
{Heap before GC invocations=16 (full 0):
 garbage-first heap   total 116736K, used 98636K [0x000000070b000000, 0x0000000800000000)
  region size 2048K, 33 young (67584K), 4 survivors (8192K)
 Metaspace       used 83242K, committed 83968K, reserved 1179648K
  class space    used 11958K, committed 12288K, reserved 1048576K
}
Event: 7.602 GC heap after
{Heap after GC invocations=17 (full 0):
 garbage-first heap   total 116736K, used 42059K [0x000000070b000000, 0x0000000800000000)
  region size 2048K, 4 young (8192K), 4 survivors (8192K)
 Metaspace       used 83242K, committed 83968K, reserved 1179648K
  class space    used 11958K, committed 12288K, reserved 1048576K
}
Event: 7.725 GC heap before
{Heap before GC invocations=17 (full 0):
 garbage-first heap   total 116736K, used 99403K [0x000000070b000000, 0x0000000800000000)
  region size 2048K, 32 young (65536K), 4 survivors (8192K)
 Metaspace       used 83348K, committed 84096K, reserved 1179648K
  class space    used 11969K, committed 12288K, reserved 1048576K
}
Event: 7.728 GC heap after
{Heap after GC invocations=18 (full 0):
 garbage-first heap   total 116736K, used 43225K [0x000000070b000000, 0x0000000800000000)
  region size 2048K, 2 young (4096K), 2 survivors (4096K)
 Metaspace       used 83348K, committed 84096K, reserved 1179648K
  class space    used 11969K, committed 12288K, reserved 1048576K
}
Event: 7.991 GC heap before
{Heap before GC invocations=19 (full 0):
 garbage-first heap   total 116736K, used 102617K [0x000000070b000000, 0x0000000800000000)
  region size 2048K, 31 young (63488K), 2 survivors (4096K)
 Metaspace       used 84174K, committed 84928K, reserved 1179648K
  class space    used 12144K, committed 12480K, reserved 1048576K
}
Event: 7.994 GC heap after
{Heap after GC invocations=20 (full 0):
 garbage-first heap   total 116736K, used 47626K [0x000000070b000000, 0x0000000800000000)
  region size 2048K, 4 young (8192K), 4 survivors (8192K)
 Metaspace       used 84174K, committed 84928K, reserved 1179648K
  class space    used 12144K, committed 12480K, reserved 1048576K
}
Event: 8.123 GC heap before
{Heap before GC invocations=20 (full 0):
 garbage-first heap   total 116736K, used 98826K [0x000000070b000000, 0x0000000800000000)
  region size 2048K, 29 young (59392K), 4 survivors (8192K)
 Metaspace       used 84251K, committed 84992K, reserved 1179648K
  class space    used 12150K, committed 12480K, reserved 1048576K
}

Dll operation events (11 events):
Event: 0.013 Loaded shared library C:\Program Files\Java\jdk-21\bin\java.dll
Event: 0.976 Loaded shared library C:\Program Files\Java\jdk-21\bin\zip.dll
Event: 0.979 Loaded shared library C:\Program Files\Java\jdk-21\bin\instrument.dll
Event: 0.984 Loaded shared library C:\Program Files\Java\jdk-21\bin\net.dll
Event: 0.985 Loaded shared library C:\Program Files\Java\jdk-21\bin\nio.dll
Event: 0.989 Loaded shared library C:\Program Files\Java\jdk-21\bin\zip.dll
Event: 1.176 Loaded shared library C:\Program Files\Java\jdk-21\bin\jimage.dll
Event: 1.198 Loaded shared library C:\Program Files\Java\jdk-21\bin\extnet.dll
Event: 1.210 Loaded shared library C:\Program Files\Java\jdk-21\bin\management.dll
Event: 1.224 Loaded shared library C:\Program Files\Java\jdk-21\bin\management_ext.dll
Event: 2.296 Loaded shared library C:\Program Files\Java\jdk-21\bin\sunmscapi.dll

Deoptimization events (0 events):
No events

Classes loaded (20 events):
Event: 6.952 Loading class java/nio/channels/CompletionHandler
Event: 6.952 Loading class java/nio/channels/CompletionHandler done
Event: 6.968 Loading class sun/reflect/annotation/AnnotationInvocationHandler$1
Event: 6.968 Loading class sun/reflect/annotation/AnnotationInvocationHandler$1 done
Event: 7.002 Loading class java/util/WeakHashMap$KeyIterator
Event: 7.002 Loading class java/util/WeakHashMap$KeyIterator done
Event: 7.025 Loading class java/util/regex/Pattern$Bound
Event: 7.026 Loading class java/util/regex/Pattern$Bound done
Event: 7.026 Loading class java/util/regex/Pattern$Behind
Event: 7.026 Loading class java/util/regex/Pattern$Behind done
Event: 7.039 Loading class java/util/EmptyStackException
Event: 7.039 Loading class java/util/EmptyStackException done
Event: 7.152 Loading class java/io/InvalidClassException
Event: 7.152 Loading class java/io/InvalidClassException done
Event: 7.766 Loading class sun/reflect/ReflectionFactory
Event: 7.766 Loading class sun/reflect/ReflectionFactory done
Event: 7.766 Loading class sun/reflect/ReflectionFactory$1
Event: 7.766 Loading class sun/reflect/ReflectionFactory$1 done
Event: 7.766 Loading class java/io/OptionalDataException
Event: 7.766 Loading class java/io/OptionalDataException done

Classes unloaded (4 events):
Event: 3.866 Thread 0x00000210198a0f50 Unloading class 0x000002101b102000 'java/lang/invoke/LambdaForm$MH+0x000002101b102000'
Event: 3.866 Thread 0x00000210198a0f50 Unloading class 0x000002101b101800 'java/lang/invoke/LambdaForm$MH+0x000002101b101800'
Event: 3.866 Thread 0x00000210198a0f50 Unloading class 0x000002101b100c00 'java/lang/invoke/LambdaForm$MH+0x000002101b100c00'
Event: 3.866 Thread 0x00000210198a0f50 Unloading class 0x000002101b100800 'jdk/internal/reflect/GeneratedSerializationConstructorAccessor11'

Classes redefined (0 events):
No events

Internal exceptions (20 events):
Event: 6.278 Thread 0x000002105fde0650 Exception <a 'java/lang/NoSuchMethodError'{0x0000000717201310}: 'java.lang.Object java.lang.invoke.DirectMethodHandle$Holder.newInvokeSpecial(java.lang.Object, java.lang.Object, int, java.lang.Object)'> (0x0000000717201310) 
thrown [s\open\src\hotspot\share\interpreter\linkResolver.cpp, line 773]
Event: 6.291 Thread 0x000002105fde0650 Exception <a 'java/lang/NoSuchMethodError'{0x00000007172c2f08}: 'void java.lang.invoke.DirectMethodHandle$Holder.invokeSpecial(java.lang.Object, java.lang.Object, java.lang.Object, java.lang.Object, java.lang.Object, java.lang.Object, java.lang.Object, java.lang.Object)'> (0x00000007172c2f08) 
thrown [s\open\src\hotspot\share\interpreter\linkResolver.cpp, line 773]
Event: 6.315 Thread 0x000002105fde0650 Exception <a 'java/lang/NoSuchMethodError'{0x000000071705c3e0}: 'int java.lang.invoke.DirectMethodHandle$Holder.invokeStatic(java.lang.Object, int, java.lang.Object)'> (0x000000071705c3e0) 
thrown [s\open\src\hotspot\share\interpreter\linkResolver.cpp, line 773]
Event: 6.319 Thread 0x000002105fde0650 Exception <a 'java/lang/NoSuchMethodError'{0x00000007170ab468}: 'java.lang.Object java.lang.invoke.Invokers$Holder.linkToTargetMethod(java.lang.Object, java.lang.Object, java.lang.Object, java.lang.Object, java.lang.Object, java.lang.Object, java.lang.Object, java.lang.Object, java.lang.Object, java.lang.Object, java.lang.Object, java.lang.Object)'> (0x00000007170ab468) 
thrown [s\open\src\hotspot\share\interpreter\linkResolver.cpp, line 773]
Event: 6.354 Thread 0x000002105fde0650 Exception <a 'java/lang/IncompatibleClassChangeError'{0x0000000714071a98}: Found class java.lang.Object, but interface was expected> (0x0000000714071a98) 
thrown [s\open\src\hotspot\share\interpreter\linkResolver.cpp, line 840]
Event: 6.363 Thread 0x000002105fde0650 Exception <a 'java/lang/NoSuchMethodError'{0x00000007140eeb58}: 'java.lang.Object java.lang.invoke.DirectMethodHandle$Holder.newInvokeSpecial(java.lang.Object, java.lang.Object, int, java.lang.Object, int, java.lang.Object, java.lang.Object)'> (0x00000007140eeb58) 
thrown [s\open\src\hotspot\share\interpreter\linkResolver.cpp, line 773]
Event: 6.694 Thread 0x000002105fde0650 Exception <a 'java/lang/IncompatibleClassChangeError'{0x0000000710d4b640}: Found class java.lang.Object, but interface was expected> (0x0000000710d4b640) 
thrown [s\open\src\hotspot\share\interpreter\linkResolver.cpp, line 840]
Event: 6.736 Thread 0x000002105fde0650 Exception <a 'java/lang/IncompatibleClassChangeError'{0x0000000710b52f68}: Found class java.lang.Object, but interface was expected> (0x0000000710b52f68) 
thrown [s\open\src\hotspot\share\interpreter\linkResolver.cpp, line 840]
Event: 6.894 Thread 0x000002105fde0650 Exception <a 'java/lang/IncompatibleClassChangeError'{0x000000071013aed0}: Found class java.lang.Object, but interface was expected> (0x000000071013aed0) 
thrown [s\open\src\hotspot\share\interpreter\linkResolver.cpp, line 840]
Event: 6.912 Thread 0x000002105fde0650 Exception <a 'java/lang/NoSuchMethodError'{0x000000070ff45910}: 'void java.lang.invoke.Invokers$Holder.invokeExact_MT(java.lang.Object, java.lang.Object, java.lang.Object, java.lang.Object)'> (0x000000070ff45910) 
thrown [s\open\src\hotspot\share\interpreter\linkResolver.cpp, line 773]
Event: 6.913 Thread 0x000002105fde0650 Exception <a 'java/lang/NoSuchMethodError'{0x000000070ff52278}: 'void java.lang.invoke.DelegatingMethodHandle$Holder.reinvoke_L(java.lang.Object, java.lang.Object, long)'> (0x000000070ff52278) 
thrown [s\open\src\hotspot\share\interpreter\linkResolver.cpp, line 773]
Event: 6.955 Thread 0x000002105fde0650 Exception <a 'java/io/FileNotFoundException'{0x000000070fa7dcb8}> (0x000000070fa7dcb8) 
thrown [s\open\src\hotspot\share\prims\jni.cpp, line 520]
Event: 7.015 Thread 0x000002105fde0650 Exception <a 'java/lang/IncompatibleClassChangeError'{0x000000070f536998}: Found class java.lang.Object, but interface was expected> (0x000000070f536998) 
thrown [s\open\src\hotspot\share\interpreter\linkResolver.cpp, line 840]
Event: 7.027 Thread 0x000002105fde0650 Exception <a 'java/lang/IncompatibleClassChangeError'{0x000000070f5b4178}: Found class java.lang.Object, but interface was expected> (0x000000070f5b4178) 
thrown [s\open\src\hotspot\share\interpreter\linkResolver.cpp, line 840]
Event: 7.755 Thread 0x000002105fde0650 Exception <a 'java/lang/NoSuchMethodError'{0x000000071726c750}: 'int java.lang.invoke.DirectMethodHandle$Holder.invokeStaticInit(java.lang.Object, int, java.lang.Object, java.lang.Object, java.lang.Object, java.lang.Object)'> (0x000000071726c750) 
thrown [s\open\src\hotspot\share\interpreter\linkResolver.cpp, line 773]
Event: 7.897 Thread 0x000002105fde0650 Exception <a 'java/io/FileNotFoundException'{0x0000000711083eb8}> (0x0000000711083eb8) 
thrown [s\open\src\hotspot\share\prims\jni.cpp, line 520]
Event: 7.897 Thread 0x000002105fde0650 Exception <a 'java/io/FileNotFoundException'{0x000000071108e670}> (0x000000071108e670) 
thrown [s\open\src\hotspot\share\prims\jni.cpp, line 520]
Event: 7.897 Thread 0x000002105fde0650 Exception <a 'java/io/FileNotFoundException'{0x0000000711098fe0}> (0x0000000711098fe0) 
thrown [s\open\src\hotspot\share\prims\jni.cpp, line 520]
Event: 7.898 Thread 0x000002105fde0650 Exception <a 'java/io/FileNotFoundException'{0x00000007110a38f8}> (0x00000007110a38f8) 
thrown [s\open\src\hotspot\share\prims\jni.cpp, line 520]
Event: 7.907 Thread 0x000002105fde0650 Exception <a 'java/lang/NoSuchMethodError'{0x000000071117df30}: 'java.lang.Object java.lang.invoke.DirectMethodHandle$Holder.newInvokeSpecial(java.lang.Object, java.lang.Object, java.lang.Object, java.lang.Object, java.lang.Object, java.lang.Object, java.lang.Object, java.lang.Object)'> (0x000000071117df30) 
thrown [s\open\src\hotspot\share\interpreter\linkResolver.cpp, line 773]

ZGC Phase Switch (0 events):
No events

VM Operations (20 events):
Event: 7.228 Executing VM operation: ICBufferFull done
Event: 7.243 Executing VM operation: G1CollectForAllocation (G1 Evacuation Pause)
Event: 7.247 Executing VM operation: G1CollectForAllocation (G1 Evacuation Pause) done
Event: 7.256 Executing VM operation: HandshakeAllThreads (Deoptimize)
Event: 7.256 Executing VM operation: HandshakeAllThreads (Deoptimize) done
Event: 7.485 Executing VM operation: HandshakeAllThreads (Deoptimize)
Event: 7.485 Executing VM operation: HandshakeAllThreads (Deoptimize) done
Event: 7.598 Executing VM operation: G1CollectForAllocation (G1 Evacuation Pause)
Event: 7.602 Executing VM operation: G1CollectForAllocation (G1 Evacuation Pause) done
Event: 7.725 Executing VM operation: G1CollectForAllocation (G1 Evacuation Pause)
Event: 7.728 Executing VM operation: G1CollectForAllocation (G1 Evacuation Pause) done
Event: 7.742 Executing VM operation: G1PauseRemark
Event: 7.745 Executing VM operation: G1PauseRemark done
Event: 7.751 Executing VM operation: G1PauseCleanup
Event: 7.751 Executing VM operation: G1PauseCleanup done
Event: 7.905 Executing VM operation: HandshakeAllThreads (Deoptimize)
Event: 7.905 Executing VM operation: HandshakeAllThreads (Deoptimize) done
Event: 7.991 Executing VM operation: G1CollectForAllocation (G1 Evacuation Pause)
Event: 7.994 Executing VM operation: G1CollectForAllocation (G1 Evacuation Pause) done
Event: 8.123 Executing VM operation: G1CollectForAllocation (G1 Evacuation Pause)

Events (20 events):
Event: 7.668 Thread 0x0000021061fc1100 Thread exited: 0x0000021061fc1100
Event: 7.744 Thread 0x00000210198a0f50 flushing nmethod 0x000002100f02b090
Event: 7.744 Thread 0x00000210198a0f50 flushing nmethod 0x000002100f079f10
Event: 7.744 Thread 0x00000210198a0f50 flushing nmethod 0x000002100f755710
Event: 7.744 Thread 0x00000210198a0f50 flushing nmethod 0x000002100f578d90
Event: 7.744 Thread 0x00000210198a0f50 flushing nmethod 0x000002100f5a0210
Event: 7.744 Thread 0x00000210198a0f50 flushing nmethod 0x000002100f5a0590
Event: 7.744 Thread 0x00000210198a0f50 flushing nmethod 0x000002100f494b10
Event: 7.744 Thread 0x00000210198a0f50 flushing nmethod 0x000002100f495210
Event: 7.744 Thread 0x00000210198a0f50 flushing nmethod 0x000002100f532d10
Event: 7.744 Thread 0x00000210198a0f50 flushing nmethod 0x000002100f6f6610
Event: 7.744 Thread 0x00000210198a0f50 flushing nmethod 0x000002100f6dd990
Event: 7.744 Thread 0x00000210198a0f50 flushing nmethod 0x000002100f722c90
Event: 7.744 Thread 0x00000210198a0f50 flushing nmethod 0x000002100ef92810
Event: 7.744 Thread 0x00000210198a0f50 flushing nmethod 0x000002100f61a790
Event: 7.744 Thread 0x00000210198a0f50 flushing nmethod 0x000002100f6eca90
Event: 7.744 Thread 0x00000210198a0f50 flushing nmethod 0x000002100f6ed690
Event: 7.744 Thread 0x00000210198a0f50 flushing nmethod 0x000002100f724190
Event: 7.744 Thread 0x00000210198a0f50 flushing nmethod 0x000002100f724f10
Event: 7.744 Thread 0x00000210198a0f50 flushing nmethod 0x000002100f72e110


Dynamic libraries:
0x00007ff7faf70000 - 0x00007ff7faf80000 	C:\Program Files\Java\jdk-21\bin\java.exe
0x00007ff932aa0000 - 0x00007ff932d06000 	C:\WINDOWS\SYSTEM32\ntdll.dll
0x00007ff931740000 - 0x00007ff931809000 	C:\WINDOWS\System32\KERNEL32.DLL
0x00007ff9300a0000 - 0x00007ff93049a000 	C:\WINDOWS\System32\KERNELBASE.dll
0x00007ff92ff50000 - 0x00007ff93009c000 	C:\WINDOWS\System32\ucrtbase.dll
0x00007ff929930000 - 0x00007ff92994b000 	C:\Program Files\Java\jdk-21\bin\VCRUNTIME140.dll
0x00007ff925f20000 - 0x00007ff925f39000 	C:\Program Files\Java\jdk-21\bin\jli.dll
0x00007ff930ca0000 - 0x00007ff930d56000 	C:\WINDOWS\System32\ADVAPI32.dll
0x00007ff9315d0000 - 0x00007ff931679000 	C:\WINDOWS\System32\msvcrt.dll
0x00007ff930fc0000 - 0x00007ff93106a000 	C:\WINDOWS\System32\sechost.dll
0x00007ff930b80000 - 0x00007ff930c98000 	C:\WINDOWS\System32\RPCRT4.dll
0x00007ff932820000 - 0x00007ff9329e7000 	C:\WINDOWS\System32\USER32.dll
0x00007ff92fe70000 - 0x00007ff92fe97000 	C:\WINDOWS\System32\win32u.dll
0x00007ff91f240000 - 0x00007ff91f4d2000 	C:\WINDOWS\WinSxS\amd64_microsoft.windows.common-controls_6595b64144ccf1df_6.0.26100.8521_none_3e08b75ce33403b3\COMCTL32.dll
0x00007ff931700000 - 0x00007ff93172b000 	C:\WINDOWS\System32\GDI32.dll
0x00007ff930620000 - 0x00007ff93074b000 	C:\WINDOWS\System32\gdi32full.dll
0x00007ff92fdc0000 - 0x00007ff92fe63000 	C:\WINDOWS\System32\msvcp_win.dll
0x00007ff929580000 - 0x00007ff92958b000 	C:\WINDOWS\SYSTEM32\VERSION.dll
0x00007ff9326c0000 - 0x00007ff9326f2000 	C:\WINDOWS\System32\IMM32.DLL
0x00007ff92b5a0000 - 0x00007ff92b5ac000 	C:\Program Files\Java\jdk-21\bin\vcruntime140_1.dll
0x00007ff8f3d40000 - 0x00007ff8f3dce000 	C:\Program Files\Java\jdk-21\bin\msvcp140.dll
0x00007ff8d7a40000 - 0x00007ff8d875a000 	C:\Program Files\Java\jdk-21\bin\server\jvm.dll
0x00007ff932700000 - 0x00007ff932780000 	C:\WINDOWS\System32\WS2_32.dll
0x00007ff92fb90000 - 0x00007ff92fbee000 	C:\WINDOWS\SYSTEM32\POWRPROF.dll
0x00007ff926000000 - 0x00007ff926036000 	C:\WINDOWS\SYSTEM32\WINMM.dll
0x00007ff92fb70000 - 0x00007ff92fb84000 	C:\WINDOWS\SYSTEM32\UMPDC.dll
0x00007ff92ea80000 - 0x00007ff92ea9b000 	C:\WINDOWS\SYSTEM32\kernel.appcore.dll
0x00007ff9293c0000 - 0x00007ff9293ca000 	C:\Program Files\Java\jdk-21\bin\jimage.dll
0x00007ff9279f0000 - 0x00007ff927c32000 	C:\WINDOWS\SYSTEM32\DBGHELP.DLL
0x00007ff932280000 - 0x00007ff932603000 	C:\WINDOWS\System32\combase.dll
0x00007ff931870000 - 0x00007ff931949000 	C:\WINDOWS\System32\OLEAUT32.dll
0x00007ff911dd0000 - 0x00007ff911e0b000 	C:\WINDOWS\SYSTEM32\dbgcore.DLL
0x00007ff92fea0000 - 0x00007ff92ff48000 	C:\WINDOWS\System32\bcryptPrimitives.dll
0x00007ff924d20000 - 0x00007ff924d2f000 	C:\Program Files\Java\jdk-21\bin\instrument.dll
0x00007ff924d60000 - 0x00007ff924d7f000 	C:\Program Files\Java\jdk-21\bin\java.dll
0x00007ff931950000 - 0x00007ff9320d4000 	C:\WINDOWS\System32\SHELL32.dll
0x00007ff92d8c0000 - 0x00007ff92e140000 	C:\WINDOWS\SYSTEM32\windows.storage.dll
0x00007ff930d60000 - 0x00007ff930e56000 	C:\WINDOWS\System32\SHCORE.dll
0x00007ff9329f0000 - 0x00007ff932a57000 	C:\WINDOWS\System32\shlwapi.dll
0x00007ff92fc50000 - 0x00007ff92fc79000 	C:\WINDOWS\SYSTEM32\profapi.dll
0x00007ff90e3f0000 - 0x00007ff90e408000 	C:\Program Files\Java\jdk-21\bin\zip.dll
0x00007ff924d50000 - 0x00007ff924d60000 	C:\Program Files\Java\jdk-21\bin\net.dll
0x00007ff929db0000 - 0x00007ff929ed9000 	C:\WINDOWS\SYSTEM32\WINHTTP.dll
0x00007ff92efd0000 - 0x00007ff92f03c000 	C:\WINDOWS\system32\mswsock.dll
0x00007ff924d30000 - 0x00007ff924d46000 	C:\Program Files\Java\jdk-21\bin\nio.dll
0x00007ff92e500000 - 0x00007ff92e64a000 	C:\WINDOWS\SYSTEM32\DNSAPI.dll
0x00007ff92edf0000 - 0x00007ff92edfd000 	C:\WINDOWS\SYSTEM32\DSPARSE.dll
0x00007ff92e470000 - 0x00007ff92e4a3000 	C:\WINDOWS\SYSTEM32\IPHLPAPI.DLL
0x00007ff931730000 - 0x00007ff93173a000 	C:\WINDOWS\System32\NSI.dll
0x00007ff91e260000 - 0x00007ff91e269000 	C:\Program Files\Java\jdk-21\bin\extnet.dll
0x00007ff9295c0000 - 0x00007ff9295cb000 	C:\Windows\System32\rasadhlp.dll
0x00007ff92aca0000 - 0x00007ff92ad26000 	C:\WINDOWS\System32\fwpuclnt.dll
0x00007ff90e3e0000 - 0x00007ff90e3ea000 	C:\Program Files\Java\jdk-21\bin\management.dll
0x00007ff907d90000 - 0x00007ff907d9b000 	C:\Program Files\Java\jdk-21\bin\management_ext.dll
0x00007ff932810000 - 0x00007ff932818000 	C:\WINDOWS\System32\PSAPI.DLL
0x00007ff92f3d0000 - 0x00007ff92f3eb000 	C:\WINDOWS\SYSTEM32\CRYPTSP.dll
0x00007ff92e9e0000 - 0x00007ff92ea19000 	C:\WINDOWS\system32\rsaenh.dll
0x00007ff92f080000 - 0x00007ff92f0b3000 	C:\WINDOWS\SYSTEM32\USERENV.dll
0x00007ff92fc20000 - 0x00007ff92fc4a000 	C:\WINDOWS\SYSTEM32\bcrypt.dll
0x00007ff92f230000 - 0x00007ff92f23c000 	C:\WINDOWS\SYSTEM32\CRYPTBASE.dll
0x00007ff9087a0000 - 0x00007ff9087b8000 	C:\WINDOWS\system32\napinsp.dll
0x00007ff9086a0000 - 0x00007ff9086b3000 	C:\WINDOWS\System32\winrnr.dll
0x00007ff908590000 - 0x00007ff9085b2000 	C:\WINDOWS\system32\nlansp_c.dll
0x00007ff908570000 - 0x00007ff908586000 	C:\WINDOWS\system32\wshbth.dll
0x00007ff91c790000 - 0x00007ff91c7e6000 	C:\WINDOWS\SYSTEM32\pdh.dll
0x00007ff9127c0000 - 0x00007ff9127d2000 	C:\WINDOWS\System32\perfproc.dll
0x00007ff923930000 - 0x00007ff92393e000 	C:\Program Files\Java\jdk-21\bin\sunmscapi.dll
0x00007ff9304a0000 - 0x00007ff930618000 	C:\WINDOWS\System32\CRYPT32.dll
0x00007ff92f530000 - 0x00007ff92f560000 	C:\WINDOWS\SYSTEM32\ncrypt.dll
0x00007ff92f4e0000 - 0x00007ff92f51f000 	C:\WINDOWS\SYSTEM32\NTASN1.dll
0x00007ff90b040000 - 0x00007ff90b051000 	C:\WINDOWS\System32\perfos.dll
0x00007ff92e170000 - 0x00007ff92e182000 	C:\WINDOWS\SYSTEM32\pfclient.dll

dbghelp: loaded successfully - version: 4.0.5 - missing functions: none
symbol engine: initialized successfully - sym options: 0x614 - pdb path: .;C:\Program Files\Java\jdk-21\bin;C:\WINDOWS\SYSTEM32;C:\WINDOWS\WinSxS\amd64_microsoft.windows.common-controls_6595b64144ccf1df_6.0.26100.8521_none_3e08b75ce33403b3;C:\Program Files\Java\jdk-21\bin\server

VM Arguments:
jvm_args: -XX:TieredStopAtLevel=1 -Dspring.output.ansi.enabled=always -Dcom.sun.management.jmxremote -Dspring.jmx.enabled=true -Dspring.liveBeansView.mbeanDomain -Dspring.application.admin.enabled=true -Dmanagement.endpoints.jmx.exposure.include=* -javaagent:C:\Program Files\JetBrains\IntelliJ IDEA 2025.2.1\lib\idea_rt.jar=59911 -Dfile.encoding=UTF-8 -Dsun.stdout.encoding=UTF-8 -Dsun.stderr.encoding=UTF-8 
java_command: com.example.photoGroupe.PhotoGroupeApplication
java_class_path (initial): C:\Users\A C E R\Documents\clg project\backend\photoGroupe\target\classes;C:\Users\A C E R\.m2\repository\org\springframework\boot\spring-boot-starter-data-jpa\4.0.4\spring-boot-starter-data-jpa-4.0.4.jar;C:\Users\A C E R\.m2\repository\org\springframework\boot\spring-boot-starter\4.0.4\spring-boot-starter-4.0.4.jar;C:\Users\A C E R\.m2\repository\org\springframework\boot\spring-boot-starter-logging\4.0.4\spring-boot-starter-logging-4.0.4.jar;C:\Users\A C E R\.m2\repository\ch\qos\logback\logback-classic\1.5.32\logback-classic-1.5.32.jar;C:\Users\A C E R\.m2\repository\ch\qos\logback\logback-core\1.5.32\logback-core-1.5.32.jar;C:\Users\A C E R\.m2\repository\org\apache\logging\log4j\log4j-to-slf4j\2.25.3\log4j-to-slf4j-2.25.3.jar;C:\Users\A C E R\.m2\repository\org\apache\logging\log4j\log4j-api\2.25.3\log4j-api-2.25.3.jar;C:\Users\A C E R\.m2\repository\org\slf4j\jul-to-slf4j\2.0.17\jul-to-slf4j-2.0.17.jar;C:\Users\A C E R\.m2\repository\jakarta\annotation\jakarta.annotation-api\3.0.0\jakarta.annotation-api-3.0.0.jar;C:\Users\A C E R\.m2\repository\org\yaml\snakeyaml\2.5\snakeyaml-2.5.jar;C:\Users\A C E R\.m2\repository\org\springframework\boot\spring-boot-starter-jdbc\4.0.4\spring-boot-starter-jdbc-4.0.4.jar;C:\Users\A C E R\.m2\repository\com\zaxxer\HikariCP\7.0.2\HikariCP-7.0.2.jar;C:\Users\A C E R\.m2\repository\org\springframework\boot\spring-boot-data-jpa\4.0.4\spring-boot-data-jpa-4.0.4.jar;C:\Users\A C E R\.m2\repository\org\springframework\boot\spring-boot-data-commons\4.0.4\spring-boot-data-commons-4.0.4.jar;C:\Users\A C E R\.m2\repository\org\springframework\boot\spring-boot-persistence\4.0.4\spring-boot-persistence-4.0.4.jar;C:\Users\A C E R\.m2\repository\org\springframework\data\spring-data-commons\4.0.4\spring-data-commons-4.0.4.jar;C:\Users\A C E R\.m2\repository\org\springframework\boot\spring-boot-hibernate\4.0.4\spring-boot-hibernate-4.0.4.jar;C:\Users\A C E R\.m2\repository\org\springframework\boot\spring-boot-jpa\4.0.4\spring-boot-jpa-4.0.4.jar;C:\Users\A C E R\.m2\repository\jakarta\persistence\jakarta.persistence-api\3.2.0\jakarta.persistence-api-3.2.0.jar;C:\Users\A C E R\.m2\repository\org\hibernate\orm\hibernate-core\7.2.7.Final\hibernate-core-7.2.7.Final.jar;C:\Users\A C E R\.m2\repository\jakarta\transaction\jakarta.transaction-api\2.0.1\jakarta.transaction-api-2.0.1.jar;C:\Users\A C E R\.m2\repository\org\hibernate\models\hibernate-models\1.0.1\hibernate-models-1.0.1.jar;C:\Users\A C E R\.m2\repository\org\glassfish\jaxb\jaxb-runtime\4.0.6\jaxb-runtime-4.0.6.jar;C:\Users\A C E R\.m2\repository\org\glassfish\jaxb\jaxb-core\4.0.6\jaxb-core-4.0.6.jar;C:\Users\A C E R\.m2\repository\org\glassfish\jaxb\txw2\4.0.6\txw2-4.0.6.jar;C:\Users\A C E R\.m2\repository\com\sun\istack\istack-commons-runtime\4.1.2\istack-commons-runtime-4.1.2.jar;C:\Users\A C E R\.m2\repository\jakarta\inject\jakarta.inject-api\2.0.1\jakarta.inject-api-2.0.1.jar;C:\Users\A C E R\.m2\repository\org\springframework\spring-orm\7.0.6\spring-orm-7.0.6.jar;C:\Users\A C E R\.m2\repository\org\springframework\data\spring-data-jpa\4.0.4\spring-data-jpa-4.0.4.jar;C:\Users\A C E R\.m2\repository\org\springframework\spring-tx\7.0.6\spring-tx-7.0.6.jar;C:\Users\A C E R\.m2\repository\org\antlr\antlr4-runtime\4.13.2\antlr4-runtime-4.13.2.jar;C:\Users\A C E R\.m2\repository\org\springframework\spring-aspects\7.0.6\spring-aspects-7.0.6.jar;C:\Users\A C E R\.m2\repository\org\aspectj\aspectjweaver\1.9.25.1\aspectjweaver-1.9.25.1.jar;C:\Users\A C E R\.m2\repository\org\springframework\boot\spring-boot-jdbc\4.0.4\spring-boot-jdbc-4.0.4.jar;C:\Users\A C E R\.m2\repository\org\springframework\boot\spring-boot-sql\4.0.4\spring-boot-sql-4.0.4.jar;C:\Users\A C E R\.m2\repository\org\springframework\boot\spring-boot-transaction\4.0.4\spring-boot-transaction-4.0.4.jar;C:\Users\A C E R\.m2\repository\org\springframework\spring-jdbc\7.0.6\spring-jdbc-7.0.6.jar;C:\Users\A C E R\.m2\repository\org\springframework\boot\spring-boot-starter-security\4.0.4\spring-boot-starter-security-4.0.4.jar;C:\Users\A C E R\.m2\repository\org\springframework\boot\spring-boot-security\4.0.4\spring-boot-security-4.0.4.jar;C:\Users\A C E R\.m2\repository\org\springframework\security\spring-security-config\7.0.4\spring-security-config-7.0.4.jar;C:\Users\A C E R\.m2\repository\org\springframework\security\spring-security-web\7.0.4\spring-security-web-7.0.4.jar;C:\Users\A C E R\.m2\repository\org\springframework\spring-expression\7.0.6\spring-expression-7.0.6.jar;C:\Users\A C E R\.m2\repository\org\springframework\spring-aop\7.0.6\spring-aop-7.0.6.jar;C:\Users\A C E R\.m2\repository\org\springframework\spring-beans\7.0.6\spring-beans-7.0.6.jar;C:\Users\A C E R\.m2\repository\org\springframework\spring-core\7.0.6\spring-core-7.0.6.jar;C:\Users\A C E R\.m2\repository\commons-logging\commons-logging\1.3.6\commons-logging-1.3.6.jar;C:\Users\A C E R\.m2\repository\org\jspecify\jspecify\1.0.0\jspecify-1.0.0.jar;C:\Users\A C E R\.m2\repository\org\springframework\boot\spring-boot-starter-webmvc\4.0.4\spring-boot-starter-webmvc-4.0.4.jar;C:\Users\A C E R\.m2\repository\org\springframework\boot\spring-boot-starter-jackson\4.0.4\spring-boot-starter-jackson-4.0.4.jar;C:\Users\A C E R\.m2\repository\org\springframework\boot\spring-boot-jackson\4.0.4\spring-boot-jackson-4.0.4.jar;C:\Users\A C E R\.m2\repository\tools\jackson\core\jackson-databind\3.1.0\jackson-databind-3.1.0.jar;C:\Users\A C E R\.m2\repository\tools\jackson\core\jackson-core\3.1.0\jackson-core-3.1.0.jar;C:\Users\A C E R\.m2\repository\org\springframework\boot\spring-boot-starter-tomcat\4.0.4\spring-boot-starter-tomcat-4.0.4.jar;C:\Users\A C E R\.m2\repository\org\springframework\boot\spring-boot-starter-tomcat-runtime\4.0.4\spring-boot-starter-tomcat-runtime-4.0.4.jar;C:\Users\A C E R\.m2\repository\org\apache\tomcat\embed\tomcat-embed-core\11.0.18\tomcat-embed-core-11.0.18.jar;C:\Users\A C E R\.m2\repository\org\apache\tomcat\embed\tomcat-embed-websocket\11.0.18\tomcat-embed-websocket-11.0.18.jar;C:\Users\A C E R\.m2\repository\org\springframework\boot\spring-boot-tomcat\4.0.4\spring-boot-tomcat-4.0.4.jar;C:\Users\A C E R\.m2\repository\org\springframework\boot\spring-boot-http-converter\4.0.4\spring-boot-http-converter-4.0.4.jar;C:\Users\A C E R\.m2\repository\org\springframework\spring-web\7.0.6\spring-web-7.0.6.jar;C:\Users\A C E R\.m2\repository\io\micrometer\micrometer-observation\1.16.4\micrometer-observation-1.16.4.jar;C:\Users\A C E R\.m2\repository\io\micrometer\micrometer-commons\1.16.4\micrometer-commons-1.16.4.jar;C:\Users\A C E R\.m2\repository\org\springframework\boot\spring-boot-webmvc\4.0.4\spring-boot-webmvc-4.0.4.jar;C:\Users\A C E R\.m2\repository\org\springframework\boot\spring-boot-servlet\4.0.4\spring-boot-servlet-4.0.4.jar;C:\Users\A C E R\.m2\repository\org\springframework\spring-webmvc\7.0.6\spring-webmvc-7.0.6.jar;C:\Users\A C E R\.m2\repository\org\springframework\boot\spring-boot-starter-validation\4.0.4\spring-boot-starter-validation-4.0.4.jar;C:\Users\A C E R\.m2\repository\org\springframework\boot\spring-boot-validation\4.0.4\spring-boot-validation-4.0.4.jar;C:\Users\A C E R\.m2\repository\org\apache\tomcat\embed\tomcat-embed-el\11.0.18\tomcat-embed-el-11.0.18.jar;C:\Users\A C E R\.m2\repository\org\hibernate\validator\hibernate-validator\9.0.1.Final\hibernate-validator-9.0.1.Final.jar;C:\Users\A C E R\.m2\repository\jakarta\validation\jakarta.validation-api\3.1.1\jakarta.validation-api-3.1.1.jar;C:\Users\A C E R\.m2\repository\org\jboss\logging\jboss-logging\3.6.3.Final\jboss-logging-3.6.3.Final.jar;C:\Users\A C E R\.m2\repository\com\fasterxml\classmate\1.7.3\classmate-1.7.3.jar;C:\Users\A C E R\.m2\repository\org\springframework\boot\spring-boot-devtools\4.0.4\spring-boot-devtools-4.0.4.jar;C:\Users\A C E R\.m2\repository\org\springframework\boot\spring-boot\4.0.4\spring-boot-4.0.4.jar;C:\Users\A C E R\.m2\repository\org\springframework\spring-context\7.0.6\spring-context-7.0.6.jar;C:\Users\A C E R\.m2\repository\org\springframework\boot\spring-boot-autoconfigure\4.0.4\spring-boot-autoconfigure-4.0.4.jar;C:\Users\A C E R\.m2\repository\com\mysql\mysql-connector-j\9.6.0\mysql-connector-j-9.6.0.jar;C:\Users\A C E R\.m2\repository\org\projectlombok\lombok\1.18.44\lombok-1.18.44.jar;C:\Users\A C E R\.m2\repository\jakarta\xml\bind\jakarta.xml.bind-api\4.0.4\jakarta.xml.bind-api-4.0.4.jar;C:\Users\A C E R\.m2\repository\jakarta\activation\jakarta.activation-api\2.1.4\jakarta.activation-api-2.1.4.jar;C:\Users\A C E R\.m2\repository\net\minidev\json-smart\2.6.0\json-smart-2.6.0.jar;C:\Users\A C E R\.m2\repository\net\minidev\accessors-smart\2.6.0\accessors-smart-2.6.0.jar;C:\Users\A C E R\.m2\repository\org\ow2\asm\asm\9.7.1\asm-9.7.1.jar;C:\Users\A C E R\.m2\repository\net\bytebuddy\byte-buddy\1.17.8\byte-buddy-1.17.8.jar;C:\Users\A C E R\.m2\repository\org\springframework\boot\spring-boot-web-server\4.0.4\spring-boot-web-server-4.0.4.jar;C:\Users\A C E R\.m2\repository\org\springframework\boot\spring-boot-starter-mail\4.0.4\spring-boot-starter-mail-4.0.4.jar;C:\Users\A C E R\.m2\repository\org\springframework\boot\spring-boot-mail\4.0.4\spring-boot-mail-4.0.4.jar;C:\Users\A C E R\.m2\repository\org\springframework\spring-context-support\7.0.6\spring-context-support-7.0.6.jar;C:\Users\A C E R\.m2\repository\jakarta\mail\jakarta.mail-api\2.1.5\jakarta.mail-api-2.1.5.jar;C:\Users\A C E R\.m2\repository\org\eclipse\angus\angus-mail\2.0.5\angus-mail-2.0.5.jar;C:\Users\A C E R\.m2\repository\org\eclipse\angus\angus-activation\2.0.3\angus-activation-2.0.3.jar;C:\Users\A C E R\.m2\repository\org\springframework\boot\spring-boot-starter-oauth2-client\4.0.4\spring-boot-starter-oauth2-client-4.0.4.jar;C:\Users\A C E R\.m2\repository\org\springframework\boot\spring-boot-security-oauth2-client\4.0.4\spring-boot-security-oauth2-client-4.0.4.jar;C:\Users\A C E R\.m2\repository\org\springframework\security\spring-security-oauth2-client\7.0.4\spring-security-oauth2-client-7.0.4.jar;C:\Users\A C E R\.m2\repository\com\nimbusds\oauth2-oidc-sdk\11.26.1\oauth2-oidc-sdk-11.26.1.jar;C:\Users\A C E R\.m2\repository\com\github\stephenc\jcip\jcip-annotations\1.0-1\jcip-annotations-1.0-1.jar;C:\Users\A C E R\.m2\repository\com\nimbusds\content-type\2.3\content-type-2.3.jar;C:\Users\A C E R\.m2\repository\com\nimbusds\lang-tag\1.7\lang-tag-1.7.jar;C:\Users\A C E R\.m2\repository\org\springframework\security\spring-security-oauth2-jose\7.0.4\spring-security-oauth2-jose-7.0.4.jar;C:\Users\A C E R\.m2\repository\org\springframework\security\spring-security-core\7.0.4\spring-security-core-7.0.4.jar;C:\Users\A C E R\.m2\repository\org\springframework\security\spring-security-crypto\7.0.4\spring-security-crypto-7.0.4.jar;C:\Users\A C E R\.m2\repository\org\springframework\security\spring-security-oauth2-core\7.0.4\spring-security-oauth2-core-7.0.4.jar;C:\Users\A C E R\.m2\repository\com\nimbusds\nimbus-jose-jwt\10.4\nimbus-jose-jwt-10.4.jar;C:\Users\A C E R\.m2\repository\io\jsonwebtoken\jjwt-api\0.11.5\jjwt-api-0.11.5.jar;C:\Users\A C E R\.m2\repository\io\jsonwebtoken\jjwt-impl\0.11.5\jjwt-impl-0.11.5.jar;C:\Users\A C E R\.m2\repository\io\jsonwebtoken\jjwt-jackson\0.11.5\jjwt-jackson-0.11.5.jar;C:\Users\A C E R\.m2\repository\com\fasterxml\jackson\core\jackson-databind\2.21.1\jackson-databind-2.21.1.jar;C:\Users\A C E R\.m2\repository\com\fasterxml\jackson\core\jackson-annotations\2.21\jackson-annotations-2.21.jar;C:\Users\A C E R\.m2\repository\com\fasterxml\jackson\core\jackson-core\2.21.1\jackson-core-2.21.1.jar;C:\Users\A C E R\.m2\repository\org\springframework\boot\spring-boot-starter-websocket\4.0.4\spring-boot-starter-websocket-4.0.4.jar;C:\Users\A C E R\.m2\repository\org\springframework\boot\spring-boot-websocket\4.0.4\spring-boot-websocket-4.0.4.jar;C:\Users\A C E R\.m2\repository\org\springframework\spring-messaging\7.0.6\spring-messaging-7.0.6.jar;C:\Users\A C E R\.m2\repository\org\springframework\spring-websocket\7.0.6\spring-websocket-7.0.6.jar;C:\Users\A C E R\.m2\repository\com\cloudinary\cloudinary-http5\2.0.0\cloudinary-http5-2.0.0.jar;C:\Users\A C E R\.m2\repository\com\cloudinary\cloudinary-core\2.0.0\cloudinary-core-2.0.0.jar;C:\Users\A C E R\.m2\repository\org\apache\commons\commons-lang3\3.19.0\commons-lang3-3.19.0.jar;C:\Users\A C E R\.m2\repository\org\apache\httpcomponents\client5\httpclient5\5.5.2\httpclient5-5.5.2.jar;C:\Users\A C E R\.m2\repository\org\apache\httpcomponents\core5\httpcore5-h2\5.3.6\httpcore5-h2-5.3.6.jar;C:\Users\A C E R\.m2\repository\org\slf4j\slf4j-api\2.0.17\slf4j-api-2.0.17.jar;C:\Users\A C E R\.m2\repository\org\apache\httpcomponents\core5\httpcore5\5.3.6\httpcore5-5.3.6.jar;C:\Users\A C E R\.m2\repository\io\github\cdimascio\dotenv-java\3.2.0\dotenv-java-3.2.0.jar
Launcher Type: SUN_STANDARD

[Global flags]
     intx CICompilerCount                          = 4                                         {product} {ergonomic}
     uint ConcGCThreads                            = 3                                         {product} {ergonomic}
     uint G1ConcRefinementThreads                  = 10                                        {product} {ergonomic}
   size_t G1HeapRegionSize                         = 2097152                                   {product} {ergonomic}
    uintx GCDrainStackTargetSize                   = 64                                        {product} {ergonomic}
   size_t InitialHeapSize                          = 257949696                                 {product} {ergonomic}
     bool ManagementServer                         = true                                      {product} {command line}
   size_t MarkStackSize                            = 4194304                                   {product} {ergonomic}
   size_t MaxHeapSize                              = 4110417920                                {product} {ergonomic}
   size_t MaxNewSize                               = 2466250752                                {product} {ergonomic}
   size_t MinHeapDeltaBytes                        = 2097152                                   {product} {ergonomic}
   size_t MinHeapSize                              = 8388608                                   {product} {ergonomic}
    uintx NonNMethodCodeHeapSize                   = 4096                                   {pd product} {ergonomic}
    uintx NonProfiledCodeHeapSize                  = 0                                      {pd product} {ergonomic}
     bool ProfileInterpreter                       = false                                  {pd product} {command line}
    uintx ProfiledCodeHeapSize                     = 0                                      {pd product} {ergonomic}
   size_t SoftMaxHeapSize                          = 4110417920                             {manageable} {ergonomic}
     intx TieredStopAtLevel                        = 1                                         {product} {command line}
     bool UseCompressedOops                        = true                           {product lp64_product} {ergonomic}
     bool UseG1GC                                  = true                                      {product} {ergonomic}
     bool UseLargePagesIndividualAllocation        = false                                  {pd product} {ergonomic}

Logging:
Log output configuration:
 #0: stdout all=warning uptime,level,tags foldmultilines=false
 #1: stderr all=off uptime,level,tags foldmultilines=false

Environment Variables:
JAVA_HOME=C:\Program Files\Java\jdk-21
PATH=C:\Program Files\Common Files\Oracle\Java\javapath;C:\WINDOWS\system32;C:\WINDOWS;C:\WINDOWS\System32\Wbem;C:\WINDOWS\System32\WindowsPowerShell\v1.0\;C:\WINDOWS\System32\OpenSSH\;C:\Program Files\Java\jdk-21\bin;C:\Program Files\nodejs\;C:\Program Files\Git\cmd;C:\Program Files\Git\mingw64\bin;C:\Program Files\Git\usr\bin;C:\Program Files\GitHub CLI\;C:\Users\A C E R\AppData\Local\Programs\Python\Python314\Scripts\;C:\Users\A C E R\AppData\Local\Programs\Python\Python314\;C:\Users\A C E R\AppData\Local\Programs\Python\Python313\Scripts\;C:\Users\A C E R\AppData\Local\Programs\Python\Python313\;C:\Users\A C E R\AppData\Local\Microsoft\WindowsApps;C:\Users\A C E R\AppData\Local\Programs\Microsoft VS Code\bin;C:\Users\A C E R\AppData\Roaming\npm;C:\Program Files\JetBrains\WebStorm 2025.2.3\bin;C:\Program Files\JetBrains\IntelliJ IDEA 2025.2.1\bin
USERNAME=A C E R
OS=Windows_NT
PROCESSOR_IDENTIFIER=AMD64 Family 25 Model 68 Stepping 1, AuthenticAMD
TMP=C:\Users\ACER~1\AppData\Local\Temp
TEMP=C:\Users\ACER~1\AppData\Local\Temp




Periodic native trim disabled

---------------  S Y S T E M  ---------------

OS:
 Windows 11 , 64 bit Build 26100 (10.0.26100.8521)
OS uptime: 9 days 16:35 hours
Hyper-V role detected

CPU: total 12 (initial active 12) (12 cores per cpu, 2 threads per core) family 25 model 68 stepping 1 microcode 0xa40410a, cx8, cmov, fxsr, ht, mmx, 3dnowpref, sse, sse2, sse3, ssse3, sse4a, sse4.1, sse4.2, popcnt, lzcnt, tsc, tscinvbit, avx, avx2, aes, erms, clmul, bmi1, bmi2, adx, sha, fma, vzeroupper, clflush, clflushopt, hv, rdtscp, rdpid, fsrm, f16c, cet_ss
Processor Information for all 12 processors :
  Max Mhz: 3301, Current Mhz: 3301, Mhz Limit: 3301

Memory: 4k page, system-wide physical 15676M (106M free)
TotalPageFile size 62780M (AvailPageFile size 33M)
current process WorkingSet (physical memory assigned to process): 313M, peak: 313M
current process commit charge ("private bytes"): 357M, peak: 381M

vm_info: Java HotSpot(TM) 64-Bit Server VM (21.0.6+8-LTS-188) for windows-amd64 JRE (21.0.6+8-LTS-188), built on 2024-12-03T10:50:54Z by "mach5one" with MS VC++ 17.6 (VS2022)

END.
